Archive member included to satisfy reference by file (symbol)

lib/orangescrt.a(printf.o)    kernel/main.o (printf)
lib/orangescrt.a(vsprintf.o)  kernel/main.o (vsprintf)
lib/orangescrt.a(string.o)    kernel/start.o (memcpy)
lib/orangescrt.a(misc.o)      kernel/main.o (send_recv)
lib/orangescrt.a(open.o)      kernel/main.o (open)
lib/orangescrt.a(read.o)      kernel/main.o (read)
lib/orangescrt.a(write.o)     kernel/main.o (write)
lib/orangescrt.a(close.o)     kernel/main.o (close)
lib/orangescrt.a(unlink.o)    kernel/main.o (unlink)
lib/orangescrt.a(getpid.o)    fs/disklog.o (getpid)
lib/orangescrt.a(stat.o)      mm/exec.o (stat)
lib/orangescrt.a(fork.o)      kernel/main.o (fork)
lib/orangescrt.a(wait.o)      kernel/main.o (wait)
lib/orangescrt.a(exec.o)      kernel/main.o (execv)
lib/orangescrt.a(syscall.o)   lib/orangescrt.a(misc.o) (sendrec)

Allocating common symbols
Common symbol       size              file

filequeue           0x140             kernel/main.o
idt_ptr             0x6               kernel/global.o
dirs                0x258             kernel/main.o
inode_table         0xb00             kernel/global.o
task_stack          0x24000           kernel/global.o
k_reenter           0x4               kernel/global.o
gdt                 0x400             kernel/global.o
current_console     0x4               kernel/global.o
pcaller             0x4               kernel/global.o
tty_table           0xc6c             kernel/global.o
tss                 0x68              kernel/global.o
fs_msg              0xb0              kernel/global.o
memory_size         0x4               kernel/global.o
f_desc_table        0x400             kernel/global.o
dirqueue            0x140             kernel/main.o
root_inode          0x4               kernel/global.o
disp_pos            0x4               kernel/global.o
files               0x3c0             kernel/main.o
mm_msg              0xb0              kernel/global.o
key_pressed         0x4               kernel/global.o
gdt_ptr             0x6               kernel/global.o
idt                 0x800             kernel/global.o
super_block         0x1e0             kernel/global.o
PARTITION_ENTRY     0x10              kernel/hd.o
ticks               0x4               kernel/global.o
console_table       0x3c              kernel/global.o
irq_table           0x40              kernel/global.o
p_proc_ready        0x4               kernel/global.o
proc_table          0x17e8            kernel/global.o

Discarded input sections

 .note.GNU-stack
                0x0000000000000000        0x0 kernel/start.o
 .note.GNU-stack
                0x0000000000000000        0x0 kernel/main.o
 .note.GNU-stack
                0x0000000000000000        0x0 kernel/clock.o
 .note.GNU-stack
                0x0000000000000000        0x0 kernel/keyboard.o
 .note.GNU-stack
                0x0000000000000000        0x0 kernel/tty.o
 .note.GNU-stack
                0x0000000000000000        0x0 kernel/console.o
 .note.GNU-stack
                0x0000000000000000        0x0 kernel/i8259.o
 .note.GNU-stack
                0x0000000000000000        0x0 kernel/global.o
 .note.GNU-stack
                0x0000000000000000        0x0 kernel/protect.o
 .note.GNU-stack
                0x0000000000000000        0x0 kernel/proc.o
 .note.GNU-stack
                0x0000000000000000        0x0 kernel/systask.o
 .note.GNU-stack
                0x0000000000000000        0x0 kernel/hd.o
 .note.GNU-stack
                0x0000000000000000        0x0 kernel/klib.o
 .note.GNU-stack
                0x0000000000000000        0x0 lib/syslog.o
 .note.GNU-stack
                0x0000000000000000        0x0 mm/main.o
 .note.GNU-stack
                0x0000000000000000        0x0 mm/forkexit.o
 .note.GNU-stack
                0x0000000000000000        0x0 mm/exec.o
 .note.GNU-stack
                0x0000000000000000        0x0 fs/main.o
 .note.GNU-stack
                0x0000000000000000        0x0 fs/open.o
 .note.GNU-stack
                0x0000000000000000        0x0 fs/misc.o
 .note.GNU-stack
                0x0000000000000000        0x0 fs/read_write.o
 .note.GNU-stack
                0x0000000000000000        0x0 fs/link.o
 .note.GNU-stack
                0x0000000000000000        0x0 fs/disklog.o
 .note.GNU-stack
                0x0000000000000000        0x0 lib/orangescrt.a(printf.o)
 .note.GNU-stack
                0x0000000000000000        0x0 lib/orangescrt.a(vsprintf.o)
 .note.GNU-stack
                0x0000000000000000        0x0 lib/orangescrt.a(misc.o)
 .note.GNU-stack
                0x0000000000000000        0x0 lib/orangescrt.a(open.o)
 .note.GNU-stack
                0x0000000000000000        0x0 lib/orangescrt.a(read.o)
 .note.GNU-stack
                0x0000000000000000        0x0 lib/orangescrt.a(write.o)
 .note.GNU-stack
                0x0000000000000000        0x0 lib/orangescrt.a(close.o)
 .note.GNU-stack
                0x0000000000000000        0x0 lib/orangescrt.a(unlink.o)
 .note.GNU-stack
                0x0000000000000000        0x0 lib/orangescrt.a(getpid.o)
 .note.GNU-stack
                0x0000000000000000        0x0 lib/orangescrt.a(stat.o)
 .note.GNU-stack
                0x0000000000000000        0x0 lib/orangescrt.a(fork.o)
 .note.GNU-stack
                0x0000000000000000        0x0 lib/orangescrt.a(wait.o)
 .note.GNU-stack
                0x0000000000000000        0x0 lib/orangescrt.a(exec.o)

Memory Configuration

Name             Origin             Length             Attributes
*default*        0x0000000000000000 0xffffffffffffffff

Linker script and memory map

Address of section .text set to 0x1000
LOAD kernel/kernel.o
LOAD kernel/start.o
LOAD kernel/main.o
LOAD kernel/clock.o
LOAD kernel/keyboard.o
LOAD kernel/tty.o
LOAD kernel/console.o
LOAD kernel/i8259.o
LOAD kernel/global.o
LOAD kernel/protect.o
LOAD kernel/proc.o
LOAD kernel/systask.o
LOAD kernel/hd.o
LOAD kernel/kliba.o
LOAD kernel/klib.o
LOAD lib/syslog.o
LOAD mm/main.o
LOAD mm/forkexit.o
LOAD mm/exec.o
LOAD fs/main.o
LOAD fs/open.o
LOAD fs/misc.o
LOAD fs/read_write.o
LOAD fs/link.o
LOAD fs/disklog.o
LOAD lib/orangescrt.a
                [!provide]                        PROVIDE (__executable_start, SEGMENT_START ("text-segment", 0x8048000))
                0x0000000008048094                . = (SEGMENT_START ("text-segment", 0x8048000) + SIZEOF_HEADERS)

.interp
 *(.interp)

.note.gnu.build-id
 *(.note.gnu.build-id)

.hash
 *(.hash)

.gnu.hash
 *(.gnu.hash)

.dynsym
 *(.dynsym)

.dynstr
 *(.dynstr)

.gnu.version
 *(.gnu.version)

.gnu.version_d
 *(.gnu.version_d)

.gnu.version_r
 *(.gnu.version_r)

.rel.dyn        0x0000000008048094        0x0
 *(.rel.init)
 *(.rel.text .rel.text.* .rel.gnu.linkonce.t.*)
 .rel.text      0x0000000008048094        0x0 kernel/kernel.o
 *(.rel.fini)
 *(.rel.rodata .rel.rodata.* .rel.gnu.linkonce.r.*)
 *(.rel.data.rel.ro .rel.data.rel.ro.* .rel.gnu.linkonce.d.rel.ro.*)
 *(.rel.data .rel.data.* .rel.gnu.linkonce.d.*)
 *(.rel.tdata .rel.tdata.* .rel.gnu.linkonce.td.*)
 *(.rel.tbss .rel.tbss.* .rel.gnu.linkonce.tb.*)
 *(.rel.ctors)
 *(.rel.dtors)
 *(.rel.got)
 *(.rel.bss .rel.bss.* .rel.gnu.linkonce.b.*)
 *(.rel.ifunc)

.rel.plt        0x0000000008048094        0x0
 *(.rel.plt)
                [!provide]                        PROVIDE (__rel_iplt_start, .)
 *(.rel.iplt)
                [!provide]                        PROVIDE (__rel_iplt_end, .)

.init
 *(SORT(.init))

.plt
 *(.plt)
 *(.iplt)

.plt.got
 *(.plt.got)

.text           0x0000000000001000     0xdde8
 *(.text.unlikely .text.*_unlikely .text.unlikely.*)
 *(.text.exit .text.exit.*)
 *(.text.startup .text.startup.*)
 *(.text.hot .text.hot.*)
 *(.text .stub .text.* .gnu.linkonce.t.*)
 .text          0x0000000000001000      0x410 kernel/kernel.o
                0x0000000000001000                _start
                0x0000000000001040                hwint00
                0x0000000000001070                hwint01
                0x00000000000010a0                hwint02
                0x00000000000010d0                hwint03
                0x0000000000001100                hwint04
                0x0000000000001130                hwint05
                0x0000000000001160                hwint06
                0x0000000000001190                hwint07
                0x00000000000011c0                hwint08
                0x00000000000011f0                hwint09
                0x0000000000001220                hwint10
                0x0000000000001250                hwint11
                0x0000000000001280                hwint12
                0x00000000000012b0                hwint13
                0x00000000000012e0                hwint14
                0x0000000000001310                hwint15
                0x0000000000001334                divide_error
                0x000000000000133a                single_step_exception
                0x0000000000001340                nmi
                0x0000000000001346                breakpoint_exception
                0x000000000000134c                overflow
                0x0000000000001352                bounds_check
                0x0000000000001358                inval_opcode
                0x000000000000135e                copr_not_available
                0x0000000000001364                double_fault
                0x0000000000001368                copr_seg_overrun
                0x000000000000136e                inval_tss
                0x0000000000001372                segment_not_present
                0x0000000000001376                stack_exception
                0x000000000000137a                general_protection
                0x000000000000137e                page_fault
                0x0000000000001382                copr_error
                0x00000000000013cb                sys_call
                0x00000000000013eb                restart
 .text          0x0000000000001410       0x95 kernel/start.o
                0x0000000000001410                cstart
 .text          0x00000000000014a5     0x270d kernel/main.o
                0x00000000000014a5                kernel_main
                0x00000000000017c3                get_ticks
                0x0000000000001803                untar
                0x00000000000019c1                Init
                0x0000000000001ae3                TestA
                0x0000000000001ae8                TestB
                0x0000000000001aed                TestC
                0x0000000000001af2                panic
                0x0000000000001b38                shabby_shell
                0x00000000000024ca                welcome
                0x0000000000002573                clear
                0x00000000000025a6                off
                0x00000000000025ac                showProcess
                0x00000000000026ee                killProcess
                0x00000000000027bf                makeProcess
                0x00000000000028a2                help
                0x0000000000002a1b                colorful
                0x0000000000002cff                information
                0x0000000000002d86                initFS
                0x0000000000002e28                isDir
                0x0000000000002e53                getFilepath
                0x0000000000002e6f                getDirFilepath
                0x0000000000002e9e                getDirpathAndFilename
                0x0000000000002f93                getFreeFilePos
                0x0000000000002fdd                getFreeDirPos
                0x0000000000003027                getPosInDirQueue
                0x0000000000003077                addFileIntoDir
                0x0000000000003106                deleteFileFromDir
                0x000000000000325e                createFile
                0x0000000000003357                createDir
                0x0000000000003455                readFile
                0x000000000000357d                editCover
                0x000000000000363f                editAppand
                0x0000000000003740                deleteFile
                0x000000000000382f                deleteDir
                0x0000000000003a57                ls
                0x0000000000003ad5                cd
                0x0000000000003b53                cdback
 .text          0x0000000000003bb2      0x10d kernel/clock.o
                0x0000000000003bb2                clock_handler
                0x0000000000003c2d                milli_delay
                0x0000000000003c67                init_clock
 .text          0x0000000000003cbf      0x6e2 kernel/keyboard.o
                0x0000000000003cbf                keyboard_handler
                0x0000000000003d29                init_keyboard
                0x0000000000003dd8                keyboard_read
 .text          0x00000000000043a1      0xa83 kernel/tty.o
                0x00000000000043a1                task_tty
                0x00000000000045b0                in_process
                0x0000000000004b24                sys_printx
                0x0000000000004cc3                dump_tty_buf
 .text          0x0000000000004e24      0x7d9 kernel/console.o
                0x0000000000004e24                init_screen
                0x0000000000004f9a                out_char
                0x0000000000005277                is_current_console
                0x000000000000536a                select_console
                0x00000000000053aa                scroll_screen
 .text          0x00000000000055fd      0x130 kernel/i8259.o
                0x00000000000055fd                init_8259A
                0x00000000000056d2                spurious_irq
                0x0000000000005709                put_irq_handler
 .text          0x000000000000572d        0x0 kernel/global.o
 .text          0x000000000000572d      0x65f kernel/protect.o
                0x000000000000572d                init_prot
                0x0000000000005b95                seg2linear
                0x0000000000005be4                init_desc
                0x0000000000005c51                exception_handler
 .text          0x0000000000005d8c     0x1622 kernel/proc.o
                0x0000000000005d8c                schedule
                0x0000000000005e18                sys_sendrec
                0x0000000000005f38                ldt_seg_linear
                0x0000000000005f82                va2la
                0x0000000000005fe3                reset_msg
                0x0000000000006de3                inform_int
                0x0000000000006f53                dump_proc
                0x000000000000728f                dump_msg
 .text          0x00000000000073ae      0x2dd kernel/systask.o
                0x00000000000073ae                task_sys
 .text          0x000000000000768b      0xe6e kernel/hd.o
                0x000000000000768b                task_hd
                0x00000000000084ce                hd_handler
 *fill*         0x00000000000084f9        0x7 
 .text          0x0000000000008500      0x19a kernel/kliba.o
                0x0000000000008500                disp_str
                0x000000000000853e                disp_color_str
                0x000000000000857d                out_byte
                0x0000000000008589                in_byte
                0x0000000000008593                port_read
                0x00000000000085a6                port_write
                0x00000000000085b9                disable_irq
                0x00000000000085ee                enable_irq
                0x000000000000860d                disable_int
                0x000000000000860f                enable_int
                0x0000000000008611                glitter
 .text          0x000000000000869a      0x416 kernel/klib.o
                0x000000000000869a                get_boot_params
                0x0000000000008720                get_kernel_map
                0x0000000000008830                itoa
                0x00000000000088db                disp_int
                0x0000000000008902                delay
                0x0000000000008949                str2Int
                0x00000000000089e6                getMag
                0x0000000000008a1c                getSize
                0x0000000000008a4e                showFormatString
 .text          0x0000000000008ab0       0x6f lib/syslog.o
                0x0000000000008ab0                syslog
 .text          0x0000000000008b1f      0x1bc mm/main.o
                0x0000000000008b1f                task_mm
                0x0000000000008c56                alloc_mem
                0x0000000000008cd1                free_mem
 .text          0x0000000000008cdb      0x5e5 mm/forkexit.o
                0x0000000000008cdb                do_fork
                0x0000000000009026                do_exit
                0x0000000000009201                do_wait
 .text          0x00000000000092c0      0x356 mm/exec.o
                0x00000000000092c0                do_exec
 .text          0x0000000000009616     0x10b1 fs/main.o
                0x0000000000009616                task_fs
                0x000000000000a0a9                rw_sector
                0x000000000000a2cf                get_super_block
                0x000000000000a315                get_inode
                0x000000000000a478                put_inode
                0x000000000000a4b6                sync_inode
 .text          0x000000000000a6c7      0xaac fs/open.o
                0x000000000000a6c7                do_open
                0x000000000000ab09                do_close
                0x000000000000ab84                do_lseek
 .text          0x000000000000b173      0x3b2 fs/misc.o
                0x000000000000b173                do_stat
                0x000000000000b344                search_file
                0x000000000000b49a                strip_path
 .text          0x000000000000b525      0x496 fs/read_write.o
                0x000000000000b525                do_rdwt
 .text          0x000000000000b9bb      0x812 fs/link.o
                0x000000000000b9bb                do_unlink
 .text          0x000000000000c1cd     0x1fc3 fs/disklog.o
                0x000000000000c1cd                disklog
                0x000000000000c73b                dump_fd_graph
 .text          0x000000000000e190       0xad lib/orangescrt.a(printf.o)
                0x000000000000e190                printf
                0x000000000000e1fb                printl
 .text          0x000000000000e23d      0x30d lib/orangescrt.a(vsprintf.o)
                0x000000000000e2a3                vsprintf
                0x000000000000e524                sprintf
 *fill*         0x000000000000e54a        0x6 
 .text          0x000000000000e550       0x78 lib/orangescrt.a(string.o)
                0x000000000000e550                memcpy
                0x000000000000e579                memset
                0x000000000000e59a                strcpy
                0x000000000000e5b2                strlen
 .text          0x000000000000e5c8      0x2cb lib/orangescrt.a(misc.o)
                0x000000000000e5c8                send_recv
                0x000000000000e685                memcmp
                0x000000000000e6fb                strcmp
                0x000000000000e76e                strcat
                0x000000000000e7cd                strjin
                0x000000000000e83f                spin
                0x000000000000e85a                assertion_failure
 .text          0x000000000000e893       0x6f lib/orangescrt.a(open.o)
                0x000000000000e893                open
 .text          0x000000000000e902       0x40 lib/orangescrt.a(read.o)
                0x000000000000e902                read
 .text          0x000000000000e942       0x40 lib/orangescrt.a(write.o)
                0x000000000000e942                write
 .text          0x000000000000e982       0x34 lib/orangescrt.a(close.o)
                0x000000000000e982                close
 .text          0x000000000000e9b6       0x45 lib/orangescrt.a(unlink.o)
                0x000000000000e9b6                unlink
 .text          0x000000000000e9fb       0x52 lib/orangescrt.a(getpid.o)
                0x000000000000e9fb                getpid
 .text          0x000000000000ea4d       0x6f lib/orangescrt.a(stat.o)
                0x000000000000ea4d                stat
 .text          0x000000000000eabc       0x72 lib/orangescrt.a(fork.o)
                0x000000000000eabc                fork
 .text          0x000000000000eb2e       0x45 lib/orangescrt.a(wait.o)
                0x000000000000eb2e                wait
 .text          0x000000000000eb73      0x243 lib/orangescrt.a(exec.o)
                0x000000000000eb73                exec
                0x000000000000ebea                execl
                0x000000000000ec0f                execv
 *fill*         0x000000000000edb6        0xa 
 .text          0x000000000000edc0       0x28 lib/orangescrt.a(syscall.o)
                0x000000000000edc0                sendrec
                0x000000000000edda                printx
 *(.gnu.warning)

.fini
 *(SORT(.fini))
                [!provide]                        PROVIDE (__etext, .)
                [!provide]                        PROVIDE (_etext, .)
                [!provide]                        PROVIDE (etext, .)

.rodata         0x000000000000ee00     0x3773
 *(.rodata .rodata.* .gnu.linkonce.r.*)
 .rodata        0x000000000000ee00       0x47 kernel/start.o
 *fill*         0x000000000000ee47        0x1 
 .rodata        0x000000000000ee48     0x1374 kernel/main.o
 .rodata        0x00000000000101bc       0x64 kernel/keyboard.o
 .rodata        0x0000000000010220      0x168 kernel/tty.o
 .rodata        0x0000000000010388       0x5b kernel/console.o
 .rodata        0x00000000000103e3       0x11 kernel/i8259.o
 .rodata        0x00000000000103f4       0x10 kernel/global.o
                0x00000000000103f4                FSBUF_SIZE
                0x00000000000103f8                MMBUF_SIZE
                0x00000000000103fc                LOGBUF_SIZE
                0x0000000000010400                LOGDISKBUF_SIZE
 *fill*         0x0000000000010404       0x1c 
 .rodata        0x0000000000010420      0x580 kernel/protect.o
 .rodata        0x00000000000109a0      0x5da kernel/proc.o
 .rodata        0x0000000000010f7a       0x11 kernel/systask.o
 *fill*         0x0000000000010f8b        0x1 
 .rodata        0x0000000000010f8c      0x1df kernel/hd.o
 *fill*         0x000000000001116b        0x1 
 .rodata        0x000000000001116c       0x6d kernel/klib.o
 .rodata        0x00000000000111d9       0x1e lib/syslog.o
 *fill*         0x00000000000111f7        0x1 
 .rodata        0x00000000000111f8       0xb1 mm/main.o
 *fill*         0x00000000000112a9        0x3 
 .rodata        0x00000000000112ac       0xe7 mm/forkexit.o
 *fill*         0x0000000000011393        0x1 
 .rodata        0x0000000000011394       0xa4 mm/exec.o
 .rodata        0x0000000000011438      0x29a fs/main.o
 *fill*         0x00000000000116d2        0x2 
 .rodata        0x00000000000116d4      0x13c fs/open.o
 .rodata        0x0000000000011810       0x60 fs/misc.o
 .rodata        0x0000000000011870      0x164 fs/read_write.o
 .rodata        0x00000000000119d4      0x1ad fs/link.o
 *fill*         0x0000000000011b81        0x3 
 .rodata        0x0000000000011b84      0x806 fs/disklog.o
 .rodata        0x000000000001238a       0x14 lib/orangescrt.a(printf.o)
 *fill*         0x000000000001239e        0x2 
 .rodata        0x00000000000123a0       0xad lib/orangescrt.a(misc.o)
 .rodata        0x000000000001244d       0x23 lib/orangescrt.a(open.o)
 .rodata        0x0000000000012470       0x25 lib/orangescrt.a(getpid.o)
 .rodata        0x0000000000012495       0x23 lib/orangescrt.a(stat.o)
 .rodata        0x00000000000124b8       0x33 lib/orangescrt.a(fork.o)
 *fill*         0x00000000000124eb        0x1 
 .rodata        0x00000000000124ec       0x87 lib/orangescrt.a(exec.o)

.rodata1
 *(.rodata1)

.eh_frame_hdr
 *(.eh_frame_hdr)
 *(.eh_frame_entry .eh_frame_entry.*)

.eh_frame       0x0000000000012574     0x16c8
 *(.eh_frame)
 .eh_frame      0x0000000000012574       0x38 kernel/start.o
 .eh_frame      0x00000000000125ac      0x4ac kernel/main.o
                                        0x4c4 (size before relaxing)
 .eh_frame      0x0000000000012a58       0x60 kernel/clock.o
                                         0x78 (size before relaxing)
 .eh_frame      0x0000000000012ab8       0xe0 kernel/keyboard.o
                                         0xf8 (size before relaxing)
 .eh_frame      0x0000000000012b98      0x13c kernel/tty.o
                                        0x154 (size before relaxing)
 .eh_frame      0x0000000000012cd4      0x140 kernel/console.o
                                        0x158 (size before relaxing)
 .eh_frame      0x0000000000012e14       0x60 kernel/i8259.o
                                         0x78 (size before relaxing)
 .eh_frame      0x0000000000012e74       0xb0 kernel/protect.o
                                         0xc8 (size before relaxing)
 .eh_frame      0x0000000000012f24      0x1b8 kernel/proc.o
                                        0x1d0 (size before relaxing)
 .eh_frame      0x00000000000130dc       0x5c kernel/systask.o
                                         0x74 (size before relaxing)
 .eh_frame      0x0000000000013138      0x1e8 kernel/hd.o
                                        0x200 (size before relaxing)
 .eh_frame      0x0000000000013320      0x124 kernel/klib.o
                                        0x13c (size before relaxing)
 .eh_frame      0x0000000000013444       0x20 lib/syslog.o
                                         0x38 (size before relaxing)
 .eh_frame      0x0000000000013464       0x7c mm/main.o
                                         0x94 (size before relaxing)
 .eh_frame      0x00000000000134e0       0x90 mm/forkexit.o
                                         0xa8 (size before relaxing)
 .eh_frame      0x0000000000013570       0x2c mm/exec.o
                                         0x44 (size before relaxing)
 .eh_frame      0x000000000001359c      0x170 fs/main.o
                                        0x188 (size before relaxing)
 .eh_frame      0x000000000001370c      0x110 fs/open.o
                                        0x128 (size before relaxing)
 .eh_frame      0x000000000001381c       0x68 fs/misc.o
                                         0x80 (size before relaxing)
 .eh_frame      0x0000000000013884       0x2c fs/read_write.o
                                         0x44 (size before relaxing)
 .eh_frame      0x00000000000138b0       0x2c fs/link.o
                                         0x44 (size before relaxing)
 .eh_frame      0x00000000000138dc       0x60 fs/disklog.o
                                         0x78 (size before relaxing)
 .eh_frame      0x000000000001393c       0x40 lib/orangescrt.a(printf.o)
                                         0x58 (size before relaxing)
 .eh_frame      0x000000000001397c       0x64 lib/orangescrt.a(vsprintf.o)
                                         0x7c (size before relaxing)
 .eh_frame      0x00000000000139e0       0xdc lib/orangescrt.a(misc.o)
                                         0xf4 (size before relaxing)
 .eh_frame      0x0000000000013abc       0x20 lib/orangescrt.a(open.o)
                                         0x38 (size before relaxing)
 .eh_frame      0x0000000000013adc       0x20 lib/orangescrt.a(read.o)
                                         0x38 (size before relaxing)
 .eh_frame      0x0000000000013afc       0x20 lib/orangescrt.a(write.o)
                                         0x38 (size before relaxing)
 .eh_frame      0x0000000000013b1c       0x20 lib/orangescrt.a(close.o)
                                         0x38 (size before relaxing)
 .eh_frame      0x0000000000013b3c       0x20 lib/orangescrt.a(unlink.o)
                                         0x38 (size before relaxing)
 .eh_frame      0x0000000000013b5c       0x20 lib/orangescrt.a(getpid.o)
                                         0x38 (size before relaxing)
 .eh_frame      0x0000000000013b7c       0x20 lib/orangescrt.a(stat.o)
                                         0x38 (size before relaxing)
 .eh_frame      0x0000000000013b9c       0x20 lib/orangescrt.a(fork.o)
                                         0x38 (size before relaxing)
 .eh_frame      0x0000000000013bbc       0x20 lib/orangescrt.a(wait.o)
                                         0x38 (size before relaxing)
 .eh_frame      0x0000000000013bdc       0x60 lib/orangescrt.a(exec.o)
                                         0x78 (size before relaxing)
 *(.eh_frame.*)

.gcc_except_table
 *(.gcc_except_table .gcc_except_table.*)

.gnu_extab
 *(.gnu_extab*)

.exception_ranges
 *(.exception_ranges .exception_ranges*)
                0x0000000000015000                . = DATA_SEGMENT_ALIGN (CONSTANT (MAXPAGESIZE), CONSTANT (COMMONPAGESIZE))

.eh_frame
 *(.eh_frame)
 *(.eh_frame.*)

.gnu_extab
 *(.gnu_extab)

.gcc_except_table
 *(.gcc_except_table .gcc_except_table.*)

.exception_ranges
 *(.exception_ranges .exception_ranges*)

.tdata
 *(.tdata .tdata.* .gnu.linkonce.td.*)

.tbss
 *(.tbss .tbss.* .gnu.linkonce.tb.*)
 *(.tcommon)

.preinit_array  0x0000000000015000        0x0
                [!provide]                        PROVIDE (__preinit_array_start, .)
 *(.preinit_array)
                [!provide]                        PROVIDE (__preinit_array_end, .)

.init_array     0x0000000000015000        0x0
                [!provide]                        PROVIDE (__init_array_start, .)
 *(SORT(.init_array.*) SORT(.ctors.*))
 *(.init_array EXCLUDE_FILE(*crtend?.o *crtend.o *crtbegin?.o *crtbegin.o) .ctors)
                [!provide]                        PROVIDE (__init_array_end, .)

.fini_array     0x0000000000015000        0x0
                [!provide]                        PROVIDE (__fini_array_start, .)
 *(SORT(.fini_array.*) SORT(.dtors.*))
 *(.fini_array EXCLUDE_FILE(*crtend?.o *crtend.o *crtbegin?.o *crtbegin.o) .dtors)
                [!provide]                        PROVIDE (__fini_array_end, .)

.ctors
 *crtbegin.o(.ctors)
 *crtbegin?.o(.ctors)
 *(EXCLUDE_FILE(*crtend?.o *crtend.o) .ctors)
 *(SORT(.ctors.*))
 *(.ctors)

.dtors
 *crtbegin.o(.dtors)
 *crtbegin?.o(.dtors)
 *(EXCLUDE_FILE(*crtend?.o *crtend.o) .dtors)
 *(SORT(.dtors.*))
 *(.dtors)

.jcr
 *(.jcr)

.data.rel.ro
 *(.data.rel.ro.local* .gnu.linkonce.d.rel.ro.local.*)
 *(.data.rel.ro .data.rel.ro.* .gnu.linkonce.d.rel.ro.*)

.dynamic
 *(.dynamic)

.got
 *(.got)
 *(.igot)
                0x0000000000015000                . = DATA_SEGMENT_RELRO_END (., (SIZEOF (.got.plt) >= 0xc)?0xc:0x0)

.got.plt        0x0000000000015000        0x0
 *(.got.plt)
 *(.igot.plt)

.data           0x0000000000015000      0x814
 *(.data .data.* .gnu.linkonce.d.*)
 .data          0x0000000000015000        0x2 kernel/kernel.o
 .data          0x0000000000015002        0x0 kernel/start.o
 *fill*         0x0000000000015002        0x2 
 .data          0x0000000000015004        0xc kernel/main.o
                0x0000000000015004                location
 .data          0x0000000000015010        0x0 kernel/clock.o
 *fill*         0x0000000000015010       0x10 
 .data          0x0000000000015020      0x600 kernel/keyboard.o
                0x0000000000015020                keymap
 .data          0x0000000000015620       0x22 kernel/tty.o
 .data          0x0000000000015642        0x0 kernel/console.o
 .data          0x0000000000015642        0x0 kernel/i8259.o
 *fill*         0x0000000000015642       0x1e 
 .data          0x0000000000015660      0x1b4 kernel/global.o
                0x0000000000015660                task_table
                0x0000000000015740                user_proc_table
                0x00000000000157e0                sys_call_table
                0x00000000000157ec                dd_map
                0x0000000000015804                fsbuf
                0x0000000000015808                mmbuf
                0x000000000001580c                logbuf
                0x0000000000015810                logdiskbuf
 .data          0x0000000000015814        0x0 kernel/protect.o
 .data          0x0000000000015814        0x0 kernel/proc.o
 .data          0x0000000000015814        0x0 kernel/systask.o
 .data          0x0000000000015814        0x0 kernel/hd.o
 .data          0x0000000000015814        0x0 kernel/klib.o
 .data          0x0000000000015814        0x0 lib/syslog.o
 .data          0x0000000000015814        0x0 mm/main.o
 .data          0x0000000000015814        0x0 mm/forkexit.o
 .data          0x0000000000015814        0x0 mm/exec.o
 .data          0x0000000000015814        0x0 fs/main.o
 .data          0x0000000000015814        0x0 fs/open.o
 .data          0x0000000000015814        0x0 fs/misc.o
 .data          0x0000000000015814        0x0 fs/read_write.o
 .data          0x0000000000015814        0x0 fs/link.o
 .data          0x0000000000015814        0x0 fs/disklog.o
 .data          0x0000000000015814        0x0 lib/orangescrt.a(printf.o)
 .data          0x0000000000015814        0x0 lib/orangescrt.a(vsprintf.o)
 .data          0x0000000000015814        0x0 lib/orangescrt.a(misc.o)
 .data          0x0000000000015814        0x0 lib/orangescrt.a(open.o)
 .data          0x0000000000015814        0x0 lib/orangescrt.a(read.o)
 .data          0x0000000000015814        0x0 lib/orangescrt.a(write.o)
 .data          0x0000000000015814        0x0 lib/orangescrt.a(close.o)
 .data          0x0000000000015814        0x0 lib/orangescrt.a(unlink.o)
 .data          0x0000000000015814        0x0 lib/orangescrt.a(getpid.o)
 .data          0x0000000000015814        0x0 lib/orangescrt.a(stat.o)
 .data          0x0000000000015814        0x0 lib/orangescrt.a(fork.o)
 .data          0x0000000000015814        0x0 lib/orangescrt.a(wait.o)
 .data          0x0000000000015814        0x0 lib/orangescrt.a(exec.o)

.data1
 *(.data1)
                0x0000000000015814                _edata = .
                [!provide]                        PROVIDE (edata, .)
                0x0000000000015814                . = .
                0x0000000000015814                __bss_start = .

.bss            0x0000000000015820    0x29e38
 *(.dynbss)
 *(.bss .bss.* .gnu.linkonce.b.*)
 .bss           0x0000000000015820      0x800 kernel/kernel.o
 .bss           0x0000000000016020        0x0 kernel/start.o
 .bss           0x0000000000016020        0x8 kernel/main.o
                0x0000000000016020                filecount
                0x0000000000016024                dircount
 .bss           0x0000000000016028        0x0 kernel/clock.o
 *fill*         0x0000000000016028       0x18 
 .bss           0x0000000000016040       0x58 kernel/keyboard.o
 .bss           0x0000000000016098        0x0 kernel/tty.o
 .bss           0x0000000000016098        0x0 kernel/console.o
 .bss           0x0000000000016098        0x0 kernel/i8259.o
 .bss           0x0000000000016098        0x0 kernel/global.o
 .bss           0x0000000000016098        0x0 kernel/protect.o
 .bss           0x0000000000016098        0x0 kernel/proc.o
 .bss           0x0000000000016098        0x0 kernel/systask.o
 *fill*         0x0000000000016098        0x8 
 .bss           0x00000000000160a0      0x64c kernel/hd.o
 .bss           0x00000000000166ec        0x0 kernel/klib.o
 .bss           0x00000000000166ec        0x0 lib/syslog.o
 .bss           0x00000000000166ec        0x0 mm/main.o
 .bss           0x00000000000166ec        0x0 mm/forkexit.o
 .bss           0x00000000000166ec        0x0 mm/exec.o
 .bss           0x00000000000166ec        0x0 fs/main.o
 .bss           0x00000000000166ec        0x0 fs/open.o
 .bss           0x00000000000166ec        0x0 fs/misc.o
 .bss           0x00000000000166ec        0x0 fs/read_write.o
 .bss           0x00000000000166ec        0x0 fs/link.o
 *fill*         0x00000000000166ec       0x14 
 .bss           0x0000000000016700      0x208 fs/disklog.o
 .bss           0x0000000000016908        0x0 lib/orangescrt.a(printf.o)
 .bss           0x0000000000016908        0x0 lib/orangescrt.a(vsprintf.o)
 .bss           0x0000000000016908        0x0 lib/orangescrt.a(misc.o)
 .bss           0x0000000000016908        0x0 lib/orangescrt.a(open.o)
 .bss           0x0000000000016908        0x0 lib/orangescrt.a(read.o)
 .bss           0x0000000000016908        0x0 lib/orangescrt.a(write.o)
 .bss           0x0000000000016908        0x0 lib/orangescrt.a(close.o)
 .bss           0x0000000000016908        0x0 lib/orangescrt.a(unlink.o)
 .bss           0x0000000000016908        0x0 lib/orangescrt.a(getpid.o)
 .bss           0x0000000000016908        0x0 lib/orangescrt.a(stat.o)
 .bss           0x0000000000016908        0x0 lib/orangescrt.a(fork.o)
 .bss           0x0000000000016908        0x0 lib/orangescrt.a(wait.o)
 .bss           0x0000000000016908        0x0 lib/orangescrt.a(exec.o)
 *(COMMON)
 *fill*         0x0000000000016908       0x18 
 COMMON         0x0000000000016920      0x8a0 kernel/main.o
                0x0000000000016920                filequeue
                0x0000000000016a60                dirs
                0x0000000000016cc0                dirqueue
                0x0000000000016e00                files
 COMMON         0x00000000000171c0    0x28488 kernel/global.o
                0x00000000000171c0                idt_ptr
                0x00000000000171e0                inode_table
                0x0000000000017ce0                task_stack
                0x000000000003bce0                k_reenter
                0x000000000003bd00                gdt
                0x000000000003c100                current_console
                0x000000000003c104                pcaller
                0x000000000003c120                tty_table
                0x000000000003cda0                tss
                0x000000000003ce20                fs_msg
                0x000000000003ced0                memory_size
                0x000000000003cee0                f_desc_table
                0x000000000003d2e0                root_inode
                0x000000000003d2e4                disp_pos
                0x000000000003d300                mm_msg
                0x000000000003d3b0                key_pressed
                0x000000000003d3b4                gdt_ptr
                0x000000000003d3c0                idt
                0x000000000003dbc0                super_block
                0x000000000003dda0                ticks
                0x000000000003ddc0                console_table
                0x000000000003de00                irq_table
                0x000000000003de40                p_proc_ready
                0x000000000003de60                proc_table
 COMMON         0x000000000003f648       0x10 kernel/hd.o
                0x000000000003f648                PARTITION_ENTRY
                0x000000000003f658                . = ALIGN ((. != 0x0)?0x4:0x1)
                0x000000000003f658                . = ALIGN (0x4)
                0x000000000003f658                . = SEGMENT_START ("ldata-segment", .)
                0x000000000003f658                . = ALIGN (0x4)
                0x000000000003f658                _end = .
                [!provide]                        PROVIDE (end, .)
                0x000000000003f658                . = DATA_SEGMENT_END (.)

.stab
 *(.stab)

.stabstr
 *(.stabstr)

.stab.excl
 *(.stab.excl)

.stab.exclstr
 *(.stab.exclstr)

.stab.index
 *(.stab.index)

.stab.indexstr
 *(.stab.indexstr)

.comment        0x0000000000000000       0x40
 *(.comment)
 .comment       0x0000000000000000       0x40 kernel/start.o
                                         0x41 (size before relaxing)
 .comment       0x0000000000000040       0x41 kernel/main.o
 .comment       0x0000000000000040       0x41 kernel/clock.o
 .comment       0x0000000000000040       0x41 kernel/keyboard.o
 .comment       0x0000000000000040       0x41 kernel/tty.o
 .comment       0x0000000000000040       0x41 kernel/console.o
 .comment       0x0000000000000040       0x41 kernel/i8259.o
 .comment       0x0000000000000040       0x41 kernel/global.o
 .comment       0x0000000000000040       0x41 kernel/protect.o
 .comment       0x0000000000000040       0x41 kernel/proc.o
 .comment       0x0000000000000040       0x41 kernel/systask.o
 .comment       0x0000000000000040       0x41 kernel/hd.o
 .comment       0x0000000000000040       0x41 kernel/klib.o
 .comment       0x0000000000000040       0x41 lib/syslog.o
 .comment       0x0000000000000040       0x41 mm/main.o
 .comment       0x0000000000000040       0x41 mm/forkexit.o
 .comment       0x0000000000000040       0x41 mm/exec.o
 .comment       0x0000000000000040       0x41 fs/main.o
 .comment       0x0000000000000040       0x41 fs/open.o
 .comment       0x0000000000000040       0x41 fs/misc.o
 .comment       0x0000000000000040       0x41 fs/read_write.o
 .comment       0x0000000000000040       0x41 fs/link.o
 .comment       0x0000000000000040       0x41 fs/disklog.o
 .comment       0x0000000000000040       0x41 lib/orangescrt.a(printf.o)
 .comment       0x0000000000000040       0x41 lib/orangescrt.a(vsprintf.o)
 .comment       0x0000000000000040       0x41 lib/orangescrt.a(misc.o)
 .comment       0x0000000000000040       0x41 lib/orangescrt.a(open.o)
 .comment       0x0000000000000040       0x41 lib/orangescrt.a(read.o)
 .comment       0x0000000000000040       0x41 lib/orangescrt.a(write.o)
 .comment       0x0000000000000040       0x41 lib/orangescrt.a(close.o)
 .comment       0x0000000000000040       0x41 lib/orangescrt.a(unlink.o)
 .comment       0x0000000000000040       0x41 lib/orangescrt.a(getpid.o)
 .comment       0x0000000000000040       0x41 lib/orangescrt.a(stat.o)
 .comment       0x0000000000000040       0x41 lib/orangescrt.a(fork.o)
 .comment       0x0000000000000040       0x41 lib/orangescrt.a(wait.o)
 .comment       0x0000000000000040       0x41 lib/orangescrt.a(exec.o)

.debug
 *(.debug)

.line
 *(.line)

.debug_srcinfo
 *(.debug_srcinfo)

.debug_sfnames
 *(.debug_sfnames)

.debug_aranges
 *(.debug_aranges)

.debug_pubnames
 *(.debug_pubnames)

.debug_info
 *(.debug_info .gnu.linkonce.wi.*)

.debug_abbrev
 *(.debug_abbrev)

.debug_line
 *(.debug_line .debug_line.* .debug_line_end)

.debug_frame
 *(.debug_frame)

.debug_str
 *(.debug_str)

.debug_loc
 *(.debug_loc)

.debug_macinfo
 *(.debug_macinfo)

.debug_weaknames
 *(.debug_weaknames)

.debug_funcnames
 *(.debug_funcnames)

.debug_typenames
 *(.debug_typenames)

.debug_varnames
 *(.debug_varnames)

.debug_pubtypes
 *(.debug_pubtypes)

.debug_ranges
 *(.debug_ranges)

.debug_macro
 *(.debug_macro)

.debug_addr
 *(.debug_addr)

.gnu.attributes
 *(.gnu.attributes)

/DISCARD/
 *(.note.GNU-stack)
 *(.gnu_debuglink)
 *(.gnu.lto_*)
OUTPUT(kernel.bin elf32-i386)
